Microchip MPLAB XC8 Compiler V2.46

Linker command line:

-W-3 \
  --edf=C:\Program Files\Microchip\xc8\v2.46\pic\dat\20240104201356_en.msgs \
  -cn -h+dist/default/debug\score.X.debug.sym \
  --cmf=dist/default/debug\score.X.debug.cmf -z -Q16F870 \
  -oC:\Users\israel\AppData\Local\Temp\xcAs2ng.\driver_tmp_3.o \
  --defsym=__MPLAB_BUILD=1 --fixupoverflow=error \
  -Mdist/default/debug/score.X.debug.map \
  --md=C:\Users\israel\AppData\Local\Temp\xcAs2ng.\driver_tmp_0.dat -E1 \
  -ver=XC8 Compiler --acfsm=1493 -ACODE=00h-07FFh -ASTRCODE=00h-07FFh \
  -ASTRING=00h-0FFhx8 -ACONST=00h-0FFhx8 -AENTRY=00h-0FFhx8 \
  -ACOMMON=070h-07Fh -ABANK0=020h-06Fh -ABANK1=0A0h-0BFh \
  -ARAM=020h-06Fh,0A0h-0BFh -AABS1=020h-07Fh,0A0h-0BFh -ASFR0=00h-01Fh \
  -ASFR1=080h-09Fh -ASFR2=0100h-016Fh -ASFR3=0180h-01EFh \
  -ACONFIG=02007h-02007h -DCONFIG=2 -AIDLOC=02000h-02003h -DIDLOC=2 \
  -AEEDATA=00h-03Fh/02100h -peeprom_data=EEDATA -DEEDATA=2 -DCODE=2 \
  -DSTRCODE=2 -DSTRING=2 -DCONST=2 -DENTRY=2 \
  -preset_vec=00h,intentry=04h,sivt,init,end_init -ppowerup=CODE \
  -pcinit=CODE -pfunctab=ENTRY -k \
  C:\Users\israel\AppData\Local\Temp\xcAs2ng.\driver_tmp_12.o \
  dist/default/debug\score.X.debug.o 

Object code version is 3.11

Machine type is 16F870



                Name                               Link     Load   Length Selector   Space Scale
C:\Users\israel\AppData\Local\Temp\xcAs2ng.\driver_tmp_12.o
                end_init                              A        A        1        8       0
                reset_vec                             0        0        1        0       0
                config                             2007     2007        1        0       4
dist/default/debug\score.X.debug.o
                cinit                                 B        B        E        8       0
                functab                              19       19        C       32       0
                intentry                              4        4        6        8       0
                config                             2007     2007        1        0       4
                text15                              113      113       2A       4A       0
                text14                              18F      18F       28       4A       0
                text13                              25D      25D       10      44A       0
                text12                              24D      24D       10      44A       0
                text11                              279      279        C      44A       0
                text10                              26D      26D        C      44A       0
                text9                               1F7      1F7       18       4A       0
                text8                               1B7      1B7       27       4A       0
                text7                                8C       8C       55       4A       0
                text6                               1DE      1DE       19       4A       0
                text5                                25       25       67       4A       0
                text4                               225      225       15      44A       0
                text3                                E1       E1       32       4A       0
                text2                               166      166       29       4A       0
                text1                               13D      13D       29       4A       0
                maintext                            23A      23A       13      44A       0
                cstackBANK0                          20       20        C       20       1
                cstackCOMMON                         70       70        B       70       1
                bssBANK0                             2C       2C        9       20       1
                bssCOMMON                            7B       7B        1       70       1
                strings                             20F      20F       16      41E       0

TOTAL           Name                               Link     Load   Length     Space
        CLASS   CODE           
                end_init                              A        A        1         0
                cinit                                 B        B        E         0
                intentry                              4        4        6         0
                reset_vec                             0        0        1         0
                text15                              113      113       2A         0
                text14                              18F      18F       28         0
                text13                              25D      25D       10         0
                text12                              24D      24D       10         0
                text11                              279      279        C         0
                text10                              26D      26D        C         0
                text9                               1F7      1F7       18         0
                text8                               1B7      1B7       27         0
                text7                                8C       8C       55         0
                text6                               1DE      1DE       19         0
                text5                                25       25       67         0
                text4                               225      225       15         0
                text3                                E1       E1       32         0
                text2                               166      166       29         0
                text1                               13D      13D       29         0
                maintext                            23A      23A       13         0

        CLASS   STRCODE        

        CLASS   STRING         
                strings                             20F      20F       16         0

        CLASS   CONST          

        CLASS   ENTRY          
                functab                              19       19        C         0

        CLASS   COMMON         
                cstackCOMMON                         70       70        B         1
                bssCOMMON                            7B       7B        1         1

        CLASS   BANK0          
                cstackBANK0                          20       20        C         1
                bssBANK0                             2C       2C        9         1

        CLASS   BANK1          

        CLASS   RAM            

        CLASS   ABS1           
                abs_s1                               7E       7E        2         1

        CLASS   SFR0           

        CLASS   SFR1           

        CLASS   SFR2           

        CLASS   SFR3           

        CLASS   CONFIG         
                config                             2007     2007        1         4

        CLASS   IDLOC          

        CLASS   EEDATA         

        CLASS   BANK3          

        CLASS   BANK2          

        CLASS   HEAP           

        CLASS   STACK          



SEGMENTS        Name                           Load    Length   Top    Selector   Space  Class     Delta

                reset_vec                      000000  000001  000001         0       0  CODE        2
                intentry                       000004  000015  000019         8       0  CODE        2
                cstackBANK0                    000020  000015  000035        20       1  BANK0       1
                functab                        000019  00000C  000025        32       0  ENTRY       2
                text5                          000025  0001EA  00020F        4A       0  CODE        2
                cstackCOMMON                   000070  00000C  00007C        70       1  COMMON      1
                strings                        00020F  000016  000225       41E       0  STRING      2
                text4                          000225  000060  000285       44A       0  CODE        2


UNUSED ADDRESS RANGES

        Name                Unused          Largest block    Delta
        BANK0            0035-006F             3B           1
        BANK1            00A0-00BF             20           1
        CODE             0001-0003              3           2
                         0285-07FF            57B
        COMMON           007C-007D              2           1
        CONST            0001-0003              3           2
                         0285-07FF            100
        EEDATA           2100-213F             40           2
        ENTRY            0001-0003              3           2
                         0285-07FF            100
        IDLOC            2000-2003              4           2
        RAM              0035-006F             3B           1
                         00A0-00BF             20
        SFR0             0000-001F             20           1
        SFR1             0080-009F             20           1
        SFR2             0100-016F             70           1
        SFR3             0180-01EF             70           1
        STRCODE          0001-0003              3           2
                         0285-07FF            57B
        STRING           0001-0003              3           2
                         0285-07FF            100

                                  Symbol Table

?___awdiv                cstackCOMMON 0072
_ADCON0                  (abs)        001F
_ADCON1bits              (abs)        009F
_DIGITS                  strings      021F
_GIE                     (abs)        005F
_NUMBERS                 strings      0215
_PEIE                    (abs)        005E
_PIE1bits                (abs)        008C
_PIR1bits                (abs)        000C
_PORTAbits               (abs)        0005
_PORTB                   (abs)        0006
_PORTC                   (abs)        0007
_T1CON                   (abs)        0010
_T1CONbits               (abs)        0010
_TMR1                    (abs)        000E
_TRISA                   (abs)        0085
_TRISB                   (abs)        0086
_TRISC                   (abs)        0087
__H__absolute__          __absolute__ 0000
__Habs1                  abs1         004A
__Hbank0                 bank0        004A
__Hbank1                 bank1        004A
__Hbank2                 bank2        004A
__Hbank3                 bank3        004A
__HbssBANK0              bssBANK0     004A
__HbssCOMMON             bssCOMMON    004A
__Hcinit                 cinit        0019
__Hclrtext               clrtext      004A
__Hcode                  code         004A
__Hcommon                common       004A
__Hconfig                config       2008
__HcstackBANK0           cstackBANK0  004A
__HcstackCOMMON          cstackCOMMON 004A
__Heeprom_data           eeprom_data  0000
__Hend_init              end_init     000B
__Hfunctab               functab      0025
__Hheap                  heap         004A
__Hinit                  init         000A
__Hintentry              intentry     000A
__Hmaintext              maintext     004A
__Hpowerup               powerup      0000
__Hram                   ram          004A
__Hreset_vec             reset_vec    0001
__Hsfr0                  sfr0         004A
__Hsfr1                  sfr1         004A
__Hsfr2                  sfr2         004A
__Hsfr3                  sfr3         004A
__Hsivt                  sivt         000A
__Hspace_0               (abs)        0285
__Hspace_1               (abs)        007C
__Hspace_2               (abs)        004A
__Hspace_3               (abs)        0000
__Hspace_4               (abs)        400F
__Hstack                 stack        004A
__Hstrings               strings      004A
__Htext                  text         004A
__L__absolute__          __absolute__ 0000
__Labs1                  abs1         004A
__Lbank0                 bank0        004A
__Lbank1                 bank1        004A
__Lbank2                 bank2        004A
__Lbank3                 bank3        004A
__LbssBANK0              bssBANK0     004A
__LbssCOMMON             bssCOMMON    004A
__Lcinit                 cinit        000B
__Lclrtext               clrtext      004A
__Lcode                  code         004A
__Lcommon                common       004A
__Lconfig                config       0000
__LcstackBANK0           cstackBANK0  004A
__LcstackCOMMON          cstackCOMMON 004A
__Leeprom_data           eeprom_data  0000
__Lend_init              end_init     000A
__Lfunctab               functab      0019
__Lheap                  heap         004A
__Linit                  init         000A
__Lintentry              intentry     0004
__Lmaintext              maintext     004A
__Lpowerup               powerup      0000
__Lram                   ram          004A
__Lreset_vec             reset_vec    0000
__Lsfr0                  sfr0         004A
__Lsfr1                  sfr1         004A
__Lsfr2                  sfr2         004A
__Lsfr3                  sfr3         004A
__Lsivt                  sivt         000A
__Lspace_0               (abs)        0000
__Lspace_1               (abs)        0000
__Lspace_2               (abs)        0000
__Lspace_3               (abs)        0000
__Lspace_4               (abs)        0000
__Lstack                 stack        004A
__Lstrings               strings      004A
__Ltext                  text         004A
__S0                     (abs)        0285
__S1                     (abs)        007C
__S3                     (abs)        0000
___awdiv                 text5        0025
___awdiv@counter         cstackCOMMON 0076
___awdiv@dividend        cstackCOMMON 0074
___awdiv@divisor         cstackCOMMON 0072
___awdiv@quotient        cstackCOMMON 0078
___awdiv@sign            cstackCOMMON 0077
___bmul                  text4        0225
___bmul@multiplicand     cstackCOMMON 0072
___bmul@multiplier       cstackCOMMON 0074
___bmul@product          cstackCOMMON 0073
___heap_hi               (abs)        0000
___heap_lo               (abs)        0000
___int_sp                stack        004A
___int_stack_hi          stack        004A
___int_stack_lo          stack        004A
___latbits               (abs)        0000
___sp                    stack        004A
___stack_hi              stack        004A
___stack_lo              stack        004A
___stackhi               (abs)        0000
___stacklo               (abs)        0000
__end_of_DIGITS          strings      0225
__end_of_NUMBERS         strings      021F
__end_of___awdiv         text5        008C
__end_of___bmul          text4        023A
__end_of__fptable        functab      0025
__end_of__initialization cinit        0017
__end_of__stringtab      strings      0215
__end_of_calcDigit       text3        0113
__end_of_change          text9        020F
__end_of_checkButton     text8        01DE
__end_of_checkButtons    text7        00E1
__end_of_down1           text11       0285
__end_of_down2           text10       0279
__end_of_getNumber       text2        018F
__end_of_isr             text15       013D
__end_of_main            maintext     024D
__end_of_setup           text6        01F7
__end_of_up1             text13       026D
__end_of_up2             text12       025D
__end_of_updateDisplay   text1        0166
__end_of_win             text14       01B7
__fptable                functab      0019
__initialization         cinit        000B
__pbssBANK0              bssBANK0     002C
__pbssCOMMON             bssCOMMON    007B
__pcstackBANK0           cstackBANK0  0020
__pcstackCOMMON          cstackCOMMON 0070
__pfunctab               functab      0019
__pintentry              intentry     0004
__pmaintext              maintext     023A
__pstrings               strings      020F
__ptext1                 text1        013D
__ptext10                text10       026D
__ptext11                text11       0279
__ptext12                text12       024D
__ptext13                text13       025D
__ptext14                text14       018F
__ptext15                text15       0113
__ptext2                 text2        0166
__ptext3                 text3        00E1
__ptext4                 text4        0225
__ptext5                 text5        0025
__ptext6                 text6        01DE
__ptext7                 text7        008C
__ptext8                 text8        01B7
__ptext9                 text9        01F7
__size_of__fptable       (abs)        0000
__stringbase             strings      0214
__stringtab              strings      020F
_button                  bssCOMMON    007B
_calcDigit               text3        00E1
_calcDigit$237           cstackBANK0  0022
_change                  text9        01F7
_checkButton             text8        01B7
_checkButtons            text7        008C
_checkButtons$216        cstackCOMMON 0076
_down1                   text11       0279
_down2                   text10       026D
_getNumber               text2        0166
_isr                     text15       0113
_main                    maintext     023A
_score                   bssBANK0     002C
_setup                   text6        01DE
_timers                  bssBANK0     0031
_up1                     text13       025D
_up2                     text12       024D
_updateDisplay           text1        013D
_win                     text14       018F
btemp                    (abs)        007E
calcDigit@d              cstackBANK0  0026
calcDigit@dozen          cstackCOMMON 007A
calcDigit@u              cstackBANK0  0024
calcDigit@value          cstackBANK0  0025
change@aux               cstackCOMMON 0072
checkButton@action       cstackCOMMON 0073
checkButton@btn          cstackCOMMON 0074
end_of_initialization    cinit        0017
fpbase                   functab      001E
fptable                  functab      0019
fptotal                  (abs)        000C
interrupt_function       intentry     0004
intlevel0                functab      0019
intlevel1                functab      0019
intlevel2                functab      0019
intlevel3                functab      0019
intlevel4                functab      0019
intlevel5                functab      0019
reset_vec                reset_vec    0000
saved_w                  (abs)        007E
start                    init         000A
start_initialization     cinit        000B
updateDisplay@digit      cstackBANK0  0028
updateDisplay@number     cstackBANK0  0027
wtemp0                   (abs)        007E


MODULE INFORMATION

Module		Function		Class		Link	Load	Size
C:\Program Files\Microchip\xc8\v2.46\pic\sources\c99\common\awdiv.c
		___awdiv       		CODE           	0025	0000	103

C:\Program Files\Microchip\xc8\v2.46\pic\sources\c99\common\awdiv.c estimated size: 103

C:\Program Files\Microchip\xc8\v2.46\pic\sources\c99\common\Umul8.c
		___bmul        		CODE           	0225	0000	21

C:\Program Files\Microchip\xc8\v2.46\pic\sources\c99\common\Umul8.c estimated size: 21

buttons.c
		_win           		CODE           	018F	0000	40
		_change        		CODE           	01F7	0000	24
		_down1         		CODE           	0279	0000	12
		_down2         		CODE           	026D	0000	12
		_up1           		CODE           	025D	0000	16
		_checkButton   		CODE           	01B7	0000	39
		_up2           		CODE           	024D	0000	16
		_checkButtons  		CODE           	008C	0000	85

buttons.c estimated size: 244

interrupt.c
		_isr           		CODE           	0113	0000	42

interrupt.c estimated size: 42

shared
		__stringtab    		STRING         	020F	0000	6
		__initialization		CODE           	000B	0000	12
		_DIGITS        		STRING         	021F	0000	6
		__fptable      		ENTRY          	0019	0000	12
		_NUMBERS       		STRING         	0215	0000	10

shared estimated size: 46

display.c
		_calcDigit     		CODE           	00E1	0000	50
		_getNumber     		CODE           	0166	0000	41
		_updateDisplay 		CODE           	013D	0000	41

display.c estimated size: 132

main.c
		_main          		CODE           	023A	0000	19
		_setup         		CODE           	01DE	0000	25

main.c estimated size: 44

