Microchip MPLAB XC8 Compiler V2.46

Linker command line:

-W-3 \
  --edf=C:\Program Files\Microchip\xc8\v2.46\pic\dat\20240104201356_en.msgs \
  -cn -h+dist/default/production\score.X.production.sym \
  --cmf=dist/default/production\score.X.production.cmf -z -Q16F870 \
  -oC:\Users\israel\AppData\Local\Temp\xcAs3qs.\driver_tmp_3.o \
  --defsym=__MPLAB_BUILD=1 --fixupoverflow=error \
  -Mdist/default/production/score.X.production.map \
  --md=C:\Users\israel\AppData\Local\Temp\xcAs3qs.\driver_tmp_0.dat -E1 \
  -ver=XC8 Compiler --acfsm=1493 -ACODE=00h-07FFh -ASTRCODE=00h-07FFh \
  -ASTRING=00h-0FFhx8 -ACONST=00h-0FFhx8 -AENTRY=00h-0FFhx8 \
  -ACOMMON=070h-07Fh -ABANK0=020h-06Fh -ABANK1=0A0h-0BFh \
  -ARAM=020h-06Fh,0A0h-0BFh -AABS1=020h-07Fh,0A0h-0BFh -ASFR0=00h-01Fh \
  -ASFR1=080h-09Fh -ASFR2=0100h-016Fh -ASFR3=0180h-01EFh \
  -ACONFIG=02007h-02007h -DCONFIG=2 -AIDLOC=02000h-02003h -DIDLOC=2 \
  -AEEDATA=00h-03Fh/02100h -peeprom_data=EEDATA -DEEDATA=2 -DCODE=2 \
  -DSTRCODE=2 -DSTRING=2 -DCONST=2 -DENTRY=2 \
  -preset_vec=00h,intentry=04h,sivt,init,end_init -ppowerup=CODE \
  -pcinit=CODE -pfunctab=ENTRY -k \
  C:\Users\israel\AppData\Local\Temp\xcAs3qs.\driver_tmp_12.o \
  dist/default/production\score.X.production.o 

Object code version is 3.11

Machine type is 16F870



                Name                               Link     Load   Length Selector   Space Scale
C:\Users\israel\AppData\Local\Temp\xcAs3qs.\driver_tmp_12.o
                end_init                              A        A        1        8       0
                reset_vec                             0        0        1        0       0
                config                             2007     2007        1        0       4
dist/default/production\score.X.production.o
                cinit                                 B        B        8        8       0
                functab                              13       13        C       26       0
                intentry                              4        4        6        8       0
                config                             2007     2007        1        0       4
                text15                               DB       DB       49       3E       0
                text14                              1DC      1DC       28       3E       0
                text13                              29E      29E       10      4F2       0
                text12                              28E      28E       10      4F2       0
                text11                              2BA      2BA        C      4F2       0
                text10                              2AE      2AE        C      4F2       0
                text9                               24B      24B       18       3E       0
                text8                               204      204       27       3E       0
                text7                                86       86       55       3E       0
                text6                               22B      22B       20       3E       0
                text5                                1F       1F       67       3E       0
                text4                               279      279       15      4F2       0
                text3                               156      156       32       3E       0
                text2                               1B3      1B3       29       3E       0
                text1                               188      188       2B       3E       0
                maintext                            124      124       32       3E       0
                cstackBANK0                          2D       2D        C       20       1
                cstackCOMMON                         70       70        B       70       1
                clrtext                             2C6      2C6        8      4F2       0
                bssBANK0                             20       20        D       20       1
                bssCOMMON                            7B       7B        1       70       1
                strings                             263      263       16      4C6       0

TOTAL           Name                               Link     Load   Length     Space
        CLASS   CODE           
                end_init                              A        A        1         0
                cinit                                 B        B        8         0
                intentry                              4        4        6         0
                reset_vec                             0        0        1         0
                text15                               DB       DB       49         0
                text14                              1DC      1DC       28         0
                text13                              29E      29E       10         0
                text12                              28E      28E       10         0
                text11                              2BA      2BA        C         0
                text10                              2AE      2AE        C         0
                text9                               24B      24B       18         0
                text8                               204      204       27         0
                text7                                86       86       55         0
                text6                               22B      22B       20         0
                text5                                1F       1F       67         0
                text4                               279      279       15         0
                text3                               156      156       32         0
                text2                               1B3      1B3       29         0
                text1                               188      188       2B         0
                maintext                            124      124       32         0
                clrtext                             2C6      2C6        8         0

        CLASS   STRCODE        

        CLASS   STRING         
                strings                             263      263       16         0

        CLASS   CONST          

        CLASS   ENTRY          
                functab                              13       13        C         0

        CLASS   COMMON         
                cstackCOMMON                         70       70        B         1
                bssCOMMON                            7B       7B        1         1

        CLASS   BANK0          
                cstackBANK0                          2D       2D        C         1
                bssBANK0                             20       20        D         1

        CLASS   BANK1          

        CLASS   RAM            

        CLASS   ABS1           
                abs_s1                               7E       7E        2         1

        CLASS   SFR0           

        CLASS   SFR1           

        CLASS   SFR2           

        CLASS   SFR3           

        CLASS   CONFIG         
                config                             2007     2007        1         4

        CLASS   IDLOC          

        CLASS   EEDATA         

        CLASS   BANK3          

        CLASS   BANK2          

        CLASS   HEAP           

        CLASS   STACK          



SEGMENTS        Name                           Load    Length   Top    Selector   Space  Class     Delta

                reset_vec                      000000  000001  000001         0       0  CODE        2
                intentry                       000004  00000F  000013         8       0  CODE        2
                bssBANK0                       000020  000019  000039        20       1  BANK0       1
                functab                        000013  00000C  00001F        26       0  ENTRY       2
                text5                          00001F  000244  000263        3E       0  CODE        2
                cstackCOMMON                   000070  00000C  00007C        70       1  COMMON      1
                strings                        000263  000016  000279       4C6       0  STRING      2
                text4                          000279  000055  0002CE       4F2       0  CODE        2


UNUSED ADDRESS RANGES

        Name                Unused          Largest block    Delta
        BANK0            0039-006F             37           1
        BANK1            00A0-00BF             20           1
        CODE             0001-0003              3           2
                         02CE-07FF            532
        COMMON           007C-007D              2           1
        CONST            0001-0003              3           2
                         02CE-07FF            100
        EEDATA           2100-213F             40           2
        ENTRY            0001-0003              3           2
                         02CE-07FF            100
        IDLOC            2000-2003              4           2
        RAM              0039-006F             37           1
                         00A0-00BF             20
        SFR0             0000-001F             20           1
        SFR1             0080-009F             20           1
        SFR2             0100-016F             70           1
        SFR3             0180-01EF             70           1
        STRCODE          0001-0003              3           2
                         02CE-07FF            532
        STRING           0001-0003              3           2
                         02CE-07FF            100

                                  Symbol Table

?___awdiv                cstackCOMMON 0072
_ADCON0                  (abs)        001F
_ADCON1bits              (abs)        009F
_DIGITS                  strings      0273
_GIE                     (abs)        005F
_INTCONbits              (abs)        000B
_NUMBERS                 strings      0269
_OPTION_REGbits          (abs)        0081
_PEIE                    (abs)        005E
_PIE1bits                (abs)        008C
_PIR1bits                (abs)        000C
_PORTAbits               (abs)        0005
_PORTB                   (abs)        0006
_PORTC                   (abs)        0007
_PORTCbits               (abs)        0007
_T1CON                   (abs)        0010
_T1CONbits               (abs)        0010
_TMR1                    (abs)        000E
_TRISA                   (abs)        0085
_TRISB                   (abs)        0086
_TRISC                   (abs)        0087
__H__absolute__          __absolute__ 0000
__Habs1                  abs1         003E
__Hbank0                 bank0        003E
__Hbank1                 bank1        003E
__Hbank2                 bank2        003E
__Hbank3                 bank3        003E
__HbssBANK0              bssBANK0     003E
__HbssCOMMON             bssCOMMON    003E
__Hcinit                 cinit        0013
__Hclrtext               clrtext      003E
__Hcode                  code         003E
__Hcommon                common       003E
__Hconfig                config       2008
__HcstackBANK0           cstackBANK0  003E
__HcstackCOMMON          cstackCOMMON 003E
__Heeprom_data           eeprom_data  0000
__Hend_init              end_init     000B
__Hfunctab               functab      001F
__Hheap                  heap         003E
__Hinit                  init         000A
__Hintentry              intentry     000A
__Hmaintext              maintext     003E
__Hpowerup               powerup      0000
__Hram                   ram          003E
__Hreset_vec             reset_vec    0001
__Hsfr0                  sfr0         003E
__Hsfr1                  sfr1         003E
__Hsfr2                  sfr2         003E
__Hsfr3                  sfr3         003E
__Hsivt                  sivt         000A
__Hspace_0               (abs)        02CE
__Hspace_1               (abs)        007C
__Hspace_2               (abs)        003E
__Hspace_3               (abs)        0000
__Hspace_4               (abs)        400F
__Hstack                 stack        003E
__Hstrings               strings      003E
__Htext                  text         003E
__L__absolute__          __absolute__ 0000
__Labs1                  abs1         003E
__Lbank0                 bank0        003E
__Lbank1                 bank1        003E
__Lbank2                 bank2        003E
__Lbank3                 bank3        003E
__LbssBANK0              bssBANK0     003E
__LbssCOMMON             bssCOMMON    003E
__Lcinit                 cinit        000B
__Lclrtext               clrtext      003E
__Lcode                  code         003E
__Lcommon                common       003E
__Lconfig                config       0000
__LcstackBANK0           cstackBANK0  003E
__LcstackCOMMON          cstackCOMMON 003E
__Leeprom_data           eeprom_data  0000
__Lend_init              end_init     000A
__Lfunctab               functab      0013
__Lheap                  heap         003E
__Linit                  init         000A
__Lintentry              intentry     0004
__Lmaintext              maintext     003E
__Lpowerup               powerup      0000
__Lram                   ram          003E
__Lreset_vec             reset_vec    0000
__Lsfr0                  sfr0         003E
__Lsfr1                  sfr1         003E
__Lsfr2                  sfr2         003E
__Lsfr3                  sfr3         003E
__Lsivt                  sivt         000A
__Lspace_0               (abs)        0000
__Lspace_1               (abs)        0000
__Lspace_2               (abs)        0000
__Lspace_3               (abs)        0000
__Lspace_4               (abs)        0000
__Lstack                 stack        003E
__Lstrings               strings      003E
__Ltext                  text         003E
__S0                     (abs)        02CE
__S1                     (abs)        007C
__S3                     (abs)        0000
___awdiv                 text5        001F
___awdiv@counter         cstackCOMMON 0076
___awdiv@dividend        cstackCOMMON 0074
___awdiv@divisor         cstackCOMMON 0072
___awdiv@quotient        cstackCOMMON 0078
___awdiv@sign            cstackCOMMON 0077
___bmul                  text4        0279
___bmul@multiplicand     cstackCOMMON 0072
___bmul@multiplier       cstackCOMMON 0074
___bmul@product          cstackCOMMON 0073
___heap_hi               (abs)        0000
___heap_lo               (abs)        0000
___int_sp                stack        003E
___int_stack_hi          stack        003E
___int_stack_lo          stack        003E
___latbits               (abs)        0000
___sp                    stack        003E
___stack_hi              stack        003E
___stack_lo              stack        003E
___stackhi               (abs)        0000
___stacklo               (abs)        0000
__end_of_DIGITS          strings      0279
__end_of_NUMBERS         strings      0273
__end_of___awdiv         text5        0086
__end_of___bmul          text4        028E
__end_of__fptable        functab      001F
__end_of__initialization cinit        0011
__end_of__stringtab      strings      0269
__end_of_calcDigit       text3        0188
__end_of_change          text9        0263
__end_of_checkButton     text8        022B
__end_of_checkButtons    text7        00DB
__end_of_down1           text11       02C6
__end_of_down2           text10       02BA
__end_of_getNumber       text2        01DC
__end_of_isr             text15       0124
__end_of_main            maintext     0156
__end_of_setup           text6        024B
__end_of_up1             text12       029E
__end_of_up2             text13       02AE
__end_of_updateDisplay   text1        01B3
__end_of_win             text14       0204
__fptable                functab      0013
__initialization         cinit        000B
__pbssBANK0              bssBANK0     0020
__pbssCOMMON             bssCOMMON    007B
__pcstackBANK0           cstackBANK0  002D
__pcstackCOMMON          cstackCOMMON 0070
__pfunctab               functab      0013
__pintentry              intentry     0004
__pmaintext              maintext     0124
__pstrings               strings      0263
__ptext1                 text1        0188
__ptext10                text10       02AE
__ptext11                text11       02BA
__ptext12                text12       028E
__ptext13                text13       029E
__ptext14                text14       01DC
__ptext15                text15       00DB
__ptext2                 text2        01B3
__ptext3                 text3        0156
__ptext4                 text4        0279
__ptext5                 text5        001F
__ptext6                 text6        022B
__ptext7                 text7        0086
__ptext8                 text8        0204
__ptext9                 text9        024B
__size_of__fptable       (abs)        0000
__stringbase             strings      0268
__stringtab              strings      0263
_button                  bssCOMMON    007B
_calcDigit               text3        0156
_calcDigit$349           cstackBANK0  002F
_change                  text9        024B
_checkButton             text8        0204
_checkButtons            text7        0086
_checkButtons$327        cstackCOMMON 0076
_down1                   text11       02BA
_down2                   text10       02AE
_getNumber               text2        01B3
_isr                     text15       00DB
_main                    maintext     0124
_rxClocks                bssBANK0     002B
_score                   bssBANK0     0026
_setup                   text6        022B
_timers                  bssBANK0     0020
_up1                     text12       028E
_up2                     text13       029E
_updateDisplay           text1        0188
_win                     text14       01DC
btemp                    (abs)        007E
calcDigit@d              cstackBANK0  0033
calcDigit@dozen          cstackCOMMON 007A
calcDigit@u              cstackBANK0  0031
calcDigit@value          cstackBANK0  0032
change@aux               cstackCOMMON 0072
checkButton@action       cstackCOMMON 0073
checkButton@btn          cstackCOMMON 0074
clear_ram0               clrtext      02C6
end_of_initialization    cinit        0011
entry__up1               functab      001B
entry__up2               functab      001A
fpbase                   functab      0018
fptable                  functab      0013
fptotal                  (abs)        000C
interrupt_function       intentry     0004
intlevel0                functab      0013
intlevel1                functab      0013
intlevel2                functab      0013
intlevel3                functab      0013
intlevel4                functab      0013
intlevel5                functab      0013
reset_vec                reset_vec    0000
saved_w                  (abs)        007E
start                    init         000A
start_initialization     cinit        000B
updateDisplay@digit      cstackBANK0  0035
updateDisplay@number     cstackBANK0  0034
wtemp0                   (abs)        007E


MODULE INFORMATION

Module		Function		Class		Link	Load	Size
C:\Program Files\Microchip\xc8\v2.46\pic\sources\c99\common\awdiv.c
		___awdiv       		CODE           	001F	0000	103

C:\Program Files\Microchip\xc8\v2.46\pic\sources\c99\common\awdiv.c estimated size: 103

C:\Program Files\Microchip\xc8\v2.46\pic\sources\c99\common\Umul8.c
		___bmul        		CODE           	0279	0000	21

C:\Program Files\Microchip\xc8\v2.46\pic\sources\c99\common\Umul8.c estimated size: 21

buttons.c
		_win           		CODE           	01DC	0000	40
		_change        		CODE           	024B	0000	24
		_down1         		CODE           	02BA	0000	12
		_down2         		CODE           	02AE	0000	12
		_up1           		CODE           	028E	0000	16
		_checkButton   		CODE           	0204	0000	39
		_up2           		CODE           	029E	0000	16
		_checkButtons  		CODE           	0086	0000	85

buttons.c estimated size: 244

interrupt.c
		_isr           		CODE           	00DB	0000	73

interrupt.c estimated size: 73

shared
		__stringtab    		STRING         	0263	0000	6
		__initialization		CODE           	000B	0000	6
		_DIGITS        		STRING         	0273	0000	6
		__fptable      		ENTRY          	0013	0000	12
		_NUMBERS       		STRING         	0269	0000	10

shared estimated size: 40

display.c
		_calcDigit     		CODE           	0156	0000	50
		_getNumber     		CODE           	01B3	0000	41
		_updateDisplay 		CODE           	0188	0000	43

display.c estimated size: 134

main.c
		_main          		CODE           	0124	0000	50
		_setup         		CODE           	022B	0000	32

main.c estimated size: 82

